1	Joe	S	Smith	12/12/2009
2	Sam	S	Freddrick	1/12/2009
3	Jaime	S	Carol	12/1/2009