tea	london
bread	paris
flowers	San Francisco
sausage	munich
horse	seoul
