1	2
3	4
3	5
2	9
11	12
13	14
15	16
17	18
18	19
21	22
5	2
6	2
7	2
8	9
10	2
20	19
19	22
14	9
16	18