5	4
9	9
3	1
12	12
8	9
2	0
1	1
11	11
1	0
4	4
0	0
10	8
0	2
7	7
3	2
1	2
0	1
7	6
9	10
5	5
4	5
6	6
8	10
2	3
3	3
2	1
8	8
13	13
3	0
9	8
0	3
10	9
10	10
1	3
6	7
2	2
