1	2
1	6
1	7
2	1
3	8
4	5
5	4
6	1
6	7
7	6
7	1
8	3
1	9
6	9
7	9
9	7
9	6
9	1