314
372
339
301
414
327
321
371
386
320
357
395
429
422
326
410
396
369
426
407
427
418
323
373
416
399
313
356
325
352
343
341
324
383
361
365
393
387
329
417
298
367
296
299
394
364
406
415
297
319
403
391
401
400
381
412
309
348
405
370
304
342
404
377
333
308
347
420
289
392
306
397
303
307
305
295
428
375
408
346
424
290
351
421
318
338
402
360
353
384
312
334
315
300
409
378
358
317
355
345
283
368
379
349
363
385
285
302
362
328
322
292
359
330
284
413
376
336
335
286
344
311
293
310
332
388
288
366
425
411
382
380
389
390
282
354
350
291
331
294
287
316
423
374
398
337
340
419
