canada	zoro	2.0000000000000000
spain	usopp	5.0000000000000000