A	Have a nice day.
B	Nice Work.
C	Yes we can do this work!