v0_5	v0_5
v0_5	v0_3
v0_5	v0_6
v0_5	v0_7
v0_5	v0_4
v0_3	v0_5
v0_3	v0_3
v0_3	v0_6
v0_3	v0_7
v0_3	v0_4
v0_6	v0_5
v0_6	v0_3
v0_6	v0_6
v0_6	v0_7
v0_6	v0_4
v0_7	v0_5
v0_7	v0_3
v0_7	v0_6
v0_7	v0_7
v0_7	v0_4
v0_4	v0_5
v0_4	v0_3
v0_4	v0_6
v0_4	v0_7
v0_4	v0_4
v1_5	v1_5
v1_5	v1_3
v1_5	v1_6
v1_5	v1_7
v1_5	v1_4
v1_3	v1_5
v1_3	v1_3
v1_3	v1_6
v1_3	v1_7
v1_3	v1_4
v1_6	v1_5
v1_6	v1_3
v1_6	v1_6
v1_6	v1_7
v1_6	v1_4
v1_7	v1_5
v1_7	v1_3
v1_7	v1_6
v1_7	v1_7
v1_7	v1_4
v1_4	v1_5
v1_4	v1_3
v1_4	v1_6
v1_4	v1_7
v1_4	v1_4
v2_5	v2_5
v2_5	v2_3
v2_5	v2_6
v2_5	v2_7
v2_5	v2_4
v2_3	v2_5
v2_3	v2_3
v2_3	v2_6
v2_3	v2_7
v2_3	v2_4
v2_6	v2_5
v2_6	v2_3
v2_6	v2_6
v2_6	v2_7
v2_6	v2_4
v2_7	v2_5
v2_7	v2_3
v2_7	v2_6
v2_7	v2_7
v2_7	v2_4
v2_4	v2_5
v2_4	v2_3
v2_4	v2_6
v2_4	v2_7
v2_4	v2_4
v3_5	v3_5
v3_5	v3_3
v3_5	v3_6
v3_5	v3_7
v3_5	v3_4
v3_3	v3_5
v3_3	v3_3
v3_3	v3_6
v3_3	v3_7
v3_3	v3_4
v3_6	v3_5
v3_6	v3_3
v3_6	v3_6
v3_6	v3_7
v3_6	v3_4
v3_7	v3_5
v3_7	v3_3
v3_7	v3_6
v3_7	v3_7
v3_7	v3_4
v3_4	v3_5
v3_4	v3_3
v3_4	v3_6
v3_4	v3_7
v3_4	v3_4
v4_5	v4_5
v4_5	v4_3
v4_5	v4_6
v4_5	v4_7
v4_5	v4_4
v4_3	v4_5
v4_3	v4_3
v4_3	v4_6
v4_3	v4_7
v4_3	v4_4
v4_6	v4_5
v4_6	v4_3
v4_6	v4_6
v4_6	v4_7
v4_6	v4_4
v4_7	v4_5
v4_7	v4_3
v4_7	v4_6
v4_7	v4_7
v4_7	v4_4
v4_4	v4_5
v4_4	v4_3
v4_4	v4_6
v4_4	v4_7
v4_4	v4_4
v5_5	v5_5
v5_5	v5_3
v5_5	v5_6
v5_5	v5_7
v5_5	v5_4
v5_3	v5_5
v5_3	v5_3
v5_3	v5_6
v5_3	v5_7
v5_3	v5_4
v5_6	v5_5
v5_6	v5_3
v5_6	v5_6
v5_6	v5_7
v5_6	v5_4
v5_7	v5_5
v5_7	v5_3
v5_7	v5_6
v5_7	v5_7
v5_7	v5_4
v5_4	v5_5
v5_4	v5_3
v5_4	v5_6
v5_4	v5_7
v5_4	v5_4
v6_5	v6_5
v6_5	v6_3
v6_5	v6_6
v6_5	v6_7
v6_5	v6_4
v6_3	v6_5
v6_3	v6_3
v6_3	v6_6
v6_3	v6_7
v6_3	v6_4
v6_6	v6_5
v6_6	v6_3
v6_6	v6_6
v6_6	v6_7
v6_6	v6_4
v6_7	v6_5
v6_7	v6_3
v6_7	v6_6
v6_7	v6_7
v6_7	v6_4
v6_4	v6_5
v6_4	v6_3
v6_4	v6_6
v6_4	v6_7
v6_4	v6_4
v7_5	v7_5
v7_5	v7_3
v7_5	v7_6
v7_5	v7_7
v7_5	v7_4
v7_3	v7_5
v7_3	v7_3
v7_3	v7_6
v7_3	v7_7
v7_3	v7_4
v7_6	v7_5
v7_6	v7_3
v7_6	v7_6
v7_6	v7_7
v7_6	v7_4
v7_7	v7_5
v7_7	v7_3
v7_7	v7_6
v7_7	v7_7
v7_7	v7_4
v7_4	v7_5
v7_4	v7_3
v7_4	v7_6
v7_4	v7_7
v7_4	v7_4
v8_5	v8_5
v8_5	v8_3
v8_5	v8_6
v8_5	v8_7
v8_5	v8_4
v8_3	v8_5
v8_3	v8_3
v8_3	v8_6
v8_3	v8_7
v8_3	v8_4
v8_6	v8_5
v8_6	v8_3
v8_6	v8_6
v8_6	v8_7
v8_6	v8_4
v8_7	v8_5
v8_7	v8_3
v8_7	v8_6
v8_7	v8_7
v8_7	v8_4
v8_4	v8_5
v8_4	v8_3
v8_4	v8_6
v8_4	v8_7
v8_4	v8_4
v9_5	v9_5
v9_5	v9_3
v9_5	v9_6
v9_5	v9_7
v9_5	v9_4
v9_3	v9_5
v9_3	v9_3
v9_3	v9_6
v9_3	v9_7
v9_3	v9_4
v9_6	v9_5
v9_6	v9_3
v9_6	v9_6
v9_6	v9_7
v9_6	v9_4
v9_7	v9_5
v9_7	v9_3
v9_7	v9_6
v9_7	v9_7
v9_7	v9_4
v9_4	v9_5
v9_4	v9_3
v9_4	v9_6
v9_4	v9_7
v9_4	v9_4
v10_5	v10_5
v10_5	v10_3
v10_5	v10_6
v10_5	v10_7
v10_5	v10_4
v10_3	v10_5
v10_3	v10_3
v10_3	v10_6
v10_3	v10_7
v10_3	v10_4
v10_6	v10_5
v10_6	v10_3
v10_6	v10_6
v10_6	v10_7
v10_6	v10_4
v10_7	v10_5
v10_7	v10_3
v10_7	v10_6
v10_7	v10_7
v10_7	v10_4
v10_4	v10_5
v10_4	v10_3
v10_4	v10_6
v10_4	v10_7
v10_4	v10_4
v11_5	v11_5
v11_5	v11_3
v11_5	v11_6
v11_5	v11_7
v11_5	v11_4
v11_3	v11_5
v11_3	v11_3
v11_3	v11_6
v11_3	v11_7
v11_3	v11_4
v11_6	v11_5
v11_6	v11_3
v11_6	v11_6
v11_6	v11_7
v11_6	v11_4
v11_7	v11_5
v11_7	v11_3
v11_7	v11_6
v11_7	v11_7
v11_7	v11_4
v11_4	v11_5
v11_4	v11_3
v11_4	v11_6
v11_4	v11_7
v11_4	v11_4
v12_5	v12_5
v12_5	v12_3
v12_5	v12_6
v12_5	v12_7
v12_5	v12_4
v12_3	v12_5
v12_3	v12_3
v12_3	v12_6
v12_3	v12_7
v12_3	v12_4
v12_6	v12_5
v12_6	v12_3
v12_6	v12_6
v12_6	v12_7
v12_6	v12_4
v12_7	v12_5
v12_7	v12_3
v12_7	v12_6
v12_7	v12_7
v12_7	v12_4
v12_4	v12_5
v12_4	v12_3
v12_4	v12_6
v12_4	v12_7
v12_4	v12_4
v13_5	v13_5
v13_5	v13_3
v13_5	v13_6
v13_5	v13_7
v13_5	v13_4
v13_3	v13_5
v13_3	v13_3
v13_3	v13_6
v13_3	v13_7
v13_3	v13_4
v13_6	v13_5
v13_6	v13_3
v13_6	v13_6
v13_6	v13_7
v13_6	v13_4
v13_7	v13_5
v13_7	v13_3
v13_7	v13_6
v13_7	v13_7
v13_7	v13_4
v13_4	v13_5
v13_4	v13_3
v13_4	v13_6
v13_4	v13_7
v13_4	v13_4
v14_5	v14_5
v14_5	v14_3
v14_5	v14_6
v14_5	v14_7
v14_5	v14_4
v14_3	v14_5
v14_3	v14_3
v14_3	v14_6
v14_3	v14_7
v14_3	v14_4
v14_6	v14_5
v14_6	v14_3
v14_6	v14_6
v14_6	v14_7
v14_6	v14_4
v14_7	v14_5
v14_7	v14_3
v14_7	v14_6
v14_7	v14_7
v14_7	v14_4
v14_4	v14_5
v14_4	v14_3
v14_4	v14_6
v14_4	v14_7
v14_4	v14_4
v15_5	v15_5
v15_5	v15_3
v15_5	v15_6
v15_5	v15_7
v15_5	v15_4
v15_3	v15_5
v15_3	v15_3
v15_3	v15_6
v15_3	v15_7
v15_3	v15_4
v15_6	v15_5
v15_6	v15_3
v15_6	v15_6
v15_6	v15_7
v15_6	v15_4
v15_7	v15_5
v15_7	v15_3
v15_7	v15_6
v15_7	v15_7
v15_7	v15_4
v15_4	v15_5
v15_4	v15_3
v15_4	v15_6
v15_4	v15_7
v15_4	v15_4
v16_5	v16_5
v16_5	v16_3
v16_5	v16_6
v16_5	v16_7
v16_5	v16_4
v16_3	v16_5
v16_3	v16_3
v16_3	v16_6
v16_3	v16_7
v16_3	v16_4
v16_6	v16_5
v16_6	v16_3
v16_6	v16_6
v16_6	v16_7
v16_6	v16_4
v16_7	v16_5
v16_7	v16_3
v16_7	v16_6
v16_7	v16_7
v16_7	v16_4
v16_4	v16_5
v16_4	v16_3
v16_4	v16_6
v16_4	v16_7
v16_4	v16_4
v17_5	v17_5
v17_5	v17_3
v17_5	v17_6
v17_5	v17_7
v17_5	v17_4
v17_3	v17_5
v17_3	v17_3
v17_3	v17_6
v17_3	v17_7
v17_3	v17_4
v17_6	v17_5
v17_6	v17_3
v17_6	v17_6
v17_6	v17_7
v17_6	v17_4
v17_7	v17_5
v17_7	v17_3
v17_7	v17_6
v17_7	v17_7
v17_7	v17_4
v17_4	v17_5
v17_4	v17_3
v17_4	v17_6
v17_4	v17_7
v17_4	v17_4
v18_5	v18_5
v18_5	v18_3
v18_5	v18_6
v18_5	v18_7
v18_5	v18_4
v18_3	v18_5
v18_3	v18_3
v18_3	v18_6
v18_3	v18_7
v18_3	v18_4
v18_6	v18_5
v18_6	v18_3
v18_6	v18_6
v18_6	v18_7
v18_6	v18_4
v18_7	v18_5
v18_7	v18_3
v18_7	v18_6
v18_7	v18_7
v18_7	v18_4
v18_4	v18_5
v18_4	v18_3
v18_4	v18_6
v18_4	v18_7
v18_4	v18_4
v19_5	v19_5
v19_5	v19_3
v19_5	v19_6
v19_5	v19_7
v19_5	v19_4
v19_3	v19_5
v19_3	v19_3
v19_3	v19_6
v19_3	v19_7
v19_3	v19_4
v19_6	v19_5
v19_6	v19_3
v19_6	v19_6
v19_6	v19_7
v19_6	v19_4
v19_7	v19_5
v19_7	v19_3
v19_7	v19_6
v19_7	v19_7
v19_7	v19_4
v19_4	v19_5
v19_4	v19_3
v19_4	v19_6
v19_4	v19_7
v19_4	v19_4
v20_5	v20_5
v20_5	v20_3
v20_5	v20_6
v20_5	v20_7
v20_5	v20_4
v20_3	v20_5
v20_3	v20_3
v20_3	v20_6
v20_3	v20_7
v20_3	v20_4
v20_6	v20_5
v20_6	v20_3
v20_6	v20_6
v20_6	v20_7
v20_6	v20_4
v20_7	v20_5
v20_7	v20_3
v20_7	v20_6
v20_7	v20_7
v20_7	v20_4
v20_4	v20_5
v20_4	v20_3
v20_4	v20_6
v20_4	v20_7
v20_4	v20_4
v21_5	v21_5
v21_5	v21_3
v21_5	v21_6
v21_5	v21_7
v21_5	v21_4
v21_3	v21_5
v21_3	v21_3
v21_3	v21_6
v21_3	v21_7
v21_3	v21_4
v21_6	v21_5
v21_6	v21_3
v21_6	v21_6
v21_6	v21_7
v21_6	v21_4
v21_7	v21_5
v21_7	v21_3
v21_7	v21_6
v21_7	v21_7
v21_7	v21_4
v21_4	v21_5
v21_4	v21_3
v21_4	v21_6
v21_4	v21_7
v21_4	v21_4
v22_5	v22_5
v22_5	v22_3
v22_5	v22_6
v22_5	v22_7
v22_5	v22_4
v22_3	v22_5
v22_3	v22_3
v22_3	v22_6
v22_3	v22_7
v22_3	v22_4
v22_6	v22_5
v22_6	v22_3
v22_6	v22_6
v22_6	v22_7
v22_6	v22_4
v22_7	v22_5
v22_7	v22_3
v22_7	v22_6
v22_7	v22_7
v22_7	v22_4
v22_4	v22_5
v22_4	v22_3
v22_4	v22_6
v22_4	v22_7
v22_4	v22_4
v23_5	v23_5
v23_5	v23_3
v23_5	v23_6
v23_5	v23_7
v23_5	v23_4
v23_3	v23_5
v23_3	v23_3
v23_3	v23_6
v23_3	v23_7
v23_3	v23_4
v23_6	v23_5
v23_6	v23_3
v23_6	v23_6
v23_6	v23_7
v23_6	v23_4
v23_7	v23_5
v23_7	v23_3
v23_7	v23_6
v23_7	v23_7
v23_7	v23_4
v23_4	v23_5
v23_4	v23_3
v23_4	v23_6
v23_4	v23_7
v23_4	v23_4
v24_5	v24_5
v24_5	v24_3
v24_5	v24_6
v24_5	v24_7
v24_5	v24_4
v24_3	v24_5
v24_3	v24_3
v24_3	v24_6
v24_3	v24_7
v24_3	v24_4
v24_6	v24_5
v24_6	v24_3
v24_6	v24_6
v24_6	v24_7
v24_6	v24_4
v24_7	v24_5
v24_7	v24_3
v24_7	v24_6
v24_7	v24_7
v24_7	v24_4
v24_4	v24_5
v24_4	v24_3
v24_4	v24_6
v24_4	v24_7
v24_4	v24_4
v25_5	v25_5
v25_5	v25_3
v25_5	v25_6
v25_5	v25_7
v25_5	v25_4
v25_3	v25_5
v25_3	v25_3
v25_3	v25_6
v25_3	v25_7
v25_3	v25_4
v25_6	v25_5
v25_6	v25_3
v25_6	v25_6
v25_6	v25_7
v25_6	v25_4
v25_7	v25_5
v25_7	v25_3
v25_7	v25_6
v25_7	v25_7
v25_7	v25_4
v25_4	v25_5
v25_4	v25_3
v25_4	v25_6
v25_4	v25_7
v25_4	v25_4
v26_5	v26_5
v26_5	v26_3
v26_5	v26_6
v26_5	v26_7
v26_5	v26_4
v26_3	v26_5
v26_3	v26_3
v26_3	v26_6
v26_3	v26_7
v26_3	v26_4
v26_6	v26_5
v26_6	v26_3
v26_6	v26_6
v26_6	v26_7
v26_6	v26_4
v26_7	v26_5
v26_7	v26_3
v26_7	v26_6
v26_7	v26_7
v26_7	v26_4
v26_4	v26_5
v26_4	v26_3
v26_4	v26_6
v26_4	v26_7
v26_4	v26_4
v27_5	v27_5
v27_5	v27_3
v27_5	v27_6
v27_5	v27_7
v27_5	v27_4
v27_3	v27_5
v27_3	v27_3
v27_3	v27_6
v27_3	v27_7
v27_3	v27_4
v27_6	v27_5
v27_6	v27_3
v27_6	v27_6
v27_6	v27_7
v27_6	v27_4
v27_7	v27_5
v27_7	v27_3
v27_7	v27_6
v27_7	v27_7
v27_7	v27_4
v27_4	v27_5
v27_4	v27_3
v27_4	v27_6
v27_4	v27_7
v27_4	v27_4
v28_5	v28_5
v28_5	v28_3
v28_5	v28_6
v28_5	v28_7
v28_5	v28_4
v28_3	v28_5
v28_3	v28_3
v28_3	v28_6
v28_3	v28_7
v28_3	v28_4
v28_6	v28_5
v28_6	v28_3
v28_6	v28_6
v28_6	v28_7
v28_6	v28_4
v28_7	v28_5
v28_7	v28_3
v28_7	v28_6
v28_7	v28_7
v28_7	v28_4
v28_4	v28_5
v28_4	v28_3
v28_4	v28_6
v28_4	v28_7
v28_4	v28_4
v29_5	v29_5
v29_5	v29_3
v29_5	v29_6
v29_5	v29_7
v29_5	v29_4
v29_3	v29_5
v29_3	v29_3
v29_3	v29_6
v29_3	v29_7
v29_3	v29_4
v29_6	v29_5
v29_6	v29_3
v29_6	v29_6
v29_6	v29_7
v29_6	v29_4
v29_7	v29_5
v29_7	v29_3
v29_7	v29_6
v29_7	v29_7
v29_7	v29_4
v29_4	v29_5
v29_4	v29_3
v29_4	v29_6
v29_4	v29_7
v29_4	v29_4
v30_5	v30_5
v30_5	v30_3
v30_5	v30_6
v30_5	v30_7
v30_5	v30_4
v30_3	v30_5
v30_3	v30_3
v30_3	v30_6
v30_3	v30_7
v30_3	v30_4
v30_6	v30_5
v30_6	v30_3
v30_6	v30_6
v30_6	v30_7
v30_6	v30_4
v30_7	v30_5
v30_7	v30_3
v30_7	v30_6
v30_7	v30_7
v30_7	v30_4
v30_4	v30_5
v30_4	v30_3
v30_4	v30_6
v30_4	v30_7
v30_4	v30_4
v31_5	v31_5
v31_5	v31_3
v31_5	v31_6
v31_5	v31_7
v31_5	v31_4
v31_3	v31_5
v31_3	v31_3
v31_3	v31_6
v31_3	v31_7
v31_3	v31_4
v31_6	v31_5
v31_6	v31_3
v31_6	v31_6
v31_6	v31_7
v31_6	v31_4
v31_7	v31_5
v31_7	v31_3
v31_7	v31_6
v31_7	v31_7
v31_7	v31_4
v31_4	v31_5
v31_4	v31_3
v31_4	v31_6
v31_4	v31_7
v31_4	v31_4
v32_5	v32_5
v32_5	v32_3
v32_5	v32_6
v32_5	v32_7
v32_5	v32_4
v32_3	v32_5
v32_3	v32_3
v32_3	v32_6
v32_3	v32_7
v32_3	v32_4
v32_6	v32_5
v32_6	v32_3
v32_6	v32_6
v32_6	v32_7
v32_6	v32_4
v32_7	v32_5
v32_7	v32_3
v32_7	v32_6
v32_7	v32_7
v32_7	v32_4
v32_4	v32_5
v32_4	v32_3
v32_4	v32_6
v32_4	v32_7
v32_4	v32_4
v33_5	v33_5
v33_5	v33_3
v33_5	v33_6
v33_5	v33_7
v33_5	v33_4
v33_3	v33_5
v33_3	v33_3
v33_3	v33_6
v33_3	v33_7
v33_3	v33_4
v33_6	v33_5
v33_6	v33_3
v33_6	v33_6
v33_6	v33_7
v33_6	v33_4
v33_7	v33_5
v33_7	v33_3
v33_7	v33_6
v33_7	v33_7
v33_7	v33_4
v33_4	v33_5
v33_4	v33_3
v33_4	v33_6
v33_4	v33_7
v33_4	v33_4
v34_5	v34_5
v34_5	v34_3
v34_5	v34_6
v34_5	v34_7
v34_5	v34_4
v34_3	v34_5
v34_3	v34_3
v34_3	v34_6
v34_3	v34_7
v34_3	v34_4
v34_6	v34_5
v34_6	v34_3
v34_6	v34_6
v34_6	v34_7
v34_6	v34_4
v34_7	v34_5
v34_7	v34_3
v34_7	v34_6
v34_7	v34_7
v34_7	v34_4
v34_4	v34_5
v34_4	v34_3
v34_4	v34_6
v34_4	v34_7
v34_4	v34_4
v35_5	v35_5
v35_5	v35_3
v35_5	v35_6
v35_5	v35_7
v35_5	v35_4
v35_3	v35_5
v35_3	v35_3
v35_3	v35_6
v35_3	v35_7
v35_3	v35_4
v35_6	v35_5
v35_6	v35_3
v35_6	v35_6
v35_6	v35_7
v35_6	v35_4
v35_7	v35_5
v35_7	v35_3
v35_7	v35_6
v35_7	v35_7
v35_7	v35_4
v35_4	v35_5
v35_4	v35_3
v35_4	v35_6
v35_4	v35_7
v35_4	v35_4
v36_5	v36_5
v36_5	v36_3
v36_5	v36_6
v36_5	v36_7
v36_5	v36_4
v36_3	v36_5
v36_3	v36_3
v36_3	v36_6
v36_3	v36_7
v36_3	v36_4
v36_6	v36_5
v36_6	v36_3
v36_6	v36_6
v36_6	v36_7
v36_6	v36_4
v36_7	v36_5
v36_7	v36_3
v36_7	v36_6
v36_7	v36_7
v36_7	v36_4
v36_4	v36_5
v36_4	v36_3
v36_4	v36_6
v36_4	v36_7
v36_4	v36_4
v37_5	v37_5
v37_5	v37_3
v37_5	v37_6
v37_5	v37_7
v37_5	v37_4
v37_3	v37_5
v37_3	v37_3
v37_3	v37_6
v37_3	v37_7
v37_3	v37_4
v37_6	v37_5
v37_6	v37_3
v37_6	v37_6
v37_6	v37_7
v37_6	v37_4
v37_7	v37_5
v37_7	v37_3
v37_7	v37_6
v37_7	v37_7
v37_7	v37_4
v37_4	v37_5
v37_4	v37_3
v37_4	v37_6
v37_4	v37_7
v37_4	v37_4
v38_5	v38_5
v38_5	v38_3
v38_5	v38_6
v38_5	v38_7
v38_5	v38_4
v38_3	v38_5
v38_3	v38_3
v38_3	v38_6
v38_3	v38_7
v38_3	v38_4
v38_6	v38_5
v38_6	v38_3
v38_6	v38_6
v38_6	v38_7
v38_6	v38_4
v38_7	v38_5
v38_7	v38_3
v38_7	v38_6
v38_7	v38_7
v38_7	v38_4
v38_4	v38_5
v38_4	v38_3
v38_4	v38_6
v38_4	v38_7
v38_4	v38_4
v39_5	v39_5
v39_5	v39_3
v39_5	v39_6
v39_5	v39_7
v39_5	v39_4
v39_3	v39_5
v39_3	v39_3
v39_3	v39_6
v39_3	v39_7
v39_3	v39_4
v39_6	v39_5
v39_6	v39_3
v39_6	v39_6
v39_6	v39_7
v39_6	v39_4
v39_7	v39_5
v39_7	v39_3
v39_7	v39_6
v39_7	v39_7
v39_7	v39_4
v39_4	v39_5
v39_4	v39_3
v39_4	v39_6
v39_4	v39_7
v39_4	v39_4
v40_5	v40_5
v40_5	v40_3
v40_5	v40_6
v40_5	v40_7
v40_5	v40_4
v40_3	v40_5
v40_3	v40_3
v40_3	v40_6
v40_3	v40_7
v40_3	v40_4
v40_6	v40_5
v40_6	v40_3
v40_6	v40_6
v40_6	v40_7
v40_6	v40_4
v40_7	v40_5
v40_7	v40_3
v40_7	v40_6
v40_7	v40_7
v40_7	v40_4
v40_4	v40_5
v40_4	v40_3
v40_4	v40_6
v40_4	v40_7
v40_4	v40_4
v41_5	v41_5
v41_5	v41_3
v41_5	v41_6
v41_5	v41_7
v41_5	v41_4
v41_3	v41_5
v41_3	v41_3
v41_3	v41_6
v41_3	v41_7
v41_3	v41_4
v41_6	v41_5
v41_6	v41_3
v41_6	v41_6
v41_6	v41_7
v41_6	v41_4
v41_7	v41_5
v41_7	v41_3
v41_7	v41_6
v41_7	v41_7
v41_7	v41_4
v41_4	v41_5
v41_4	v41_3
v41_4	v41_6
v41_4	v41_7
v41_4	v41_4
v42_5	v42_5
v42_5	v42_3
v42_5	v42_6
v42_5	v42_7
v42_5	v42_4
v42_3	v42_5
v42_3	v42_3
v42_3	v42_6
v42_3	v42_7
v42_3	v42_4
v42_6	v42_5
v42_6	v42_3
v42_6	v42_6
v42_6	v42_7
v42_6	v42_4
v42_7	v42_5
v42_7	v42_3
v42_7	v42_6
v42_7	v42_7
v42_7	v42_4
v42_4	v42_5
v42_4	v42_3
v42_4	v42_6
v42_4	v42_7
v42_4	v42_4
v43_5	v43_5
v43_5	v43_3
v43_5	v43_6
v43_5	v43_7
v43_5	v43_4
v43_3	v43_5
v43_3	v43_3
v43_3	v43_6
v43_3	v43_7
v43_3	v43_4
v43_6	v43_5
v43_6	v43_3
v43_6	v43_6
v43_6	v43_7
v43_6	v43_4
v43_7	v43_5
v43_7	v43_3
v43_7	v43_6
v43_7	v43_7
v43_7	v43_4
v43_4	v43_5
v43_4	v43_3
v43_4	v43_6
v43_4	v43_7
v43_4	v43_4
v44_5	v44_5
v44_5	v44_3
v44_5	v44_6
v44_5	v44_7
v44_5	v44_4
v44_3	v44_5
v44_3	v44_3
v44_3	v44_6
v44_3	v44_7
v44_3	v44_4
v44_6	v44_5
v44_6	v44_3
v44_6	v44_6
v44_6	v44_7
v44_6	v44_4
v44_7	v44_5
v44_7	v44_3
v44_7	v44_6
v44_7	v44_7
v44_7	v44_4
v44_4	v44_5
v44_4	v44_3
v44_4	v44_6
v44_4	v44_7
v44_4	v44_4
v45_5	v45_5
v45_5	v45_3
v45_5	v45_6
v45_5	v45_7
v45_5	v45_4
v45_3	v45_5
v45_3	v45_3
v45_3	v45_6
v45_3	v45_7
v45_3	v45_4
v45_6	v45_5
v45_6	v45_3
v45_6	v45_6
v45_6	v45_7
v45_6	v45_4
v45_7	v45_5
v45_7	v45_3
v45_7	v45_6
v45_7	v45_7
v45_7	v45_4
v45_4	v45_5
v45_4	v45_3
v45_4	v45_6
v45_4	v45_7
v45_4	v45_4
v46_5	v46_5
v46_5	v46_3
v46_5	v46_6
v46_5	v46_7
v46_5	v46_4
v46_3	v46_5
v46_3	v46_3
v46_3	v46_6
v46_3	v46_7
v46_3	v46_4
v46_6	v46_5
v46_6	v46_3
v46_6	v46_6
v46_6	v46_7
v46_6	v46_4
v46_7	v46_5
v46_7	v46_3
v46_7	v46_6
v46_7	v46_7
v46_7	v46_4
v46_4	v46_5
v46_4	v46_3
v46_4	v46_6
v46_4	v46_7
v46_4	v46_4
v47_5	v47_5
v47_5	v47_3
v47_5	v47_6
v47_5	v47_7
v47_5	v47_4
v47_3	v47_5
v47_3	v47_3
v47_3	v47_6
v47_3	v47_7
v47_3	v47_4
v47_6	v47_5
v47_6	v47_3
v47_6	v47_6
v47_6	v47_7
v47_6	v47_4
v47_7	v47_5
v47_7	v47_3
v47_7	v47_6
v47_7	v47_7
v47_7	v47_4
v47_4	v47_5
v47_4	v47_3
v47_4	v47_6
v47_4	v47_7
v47_4	v47_4
v48_5	v48_5
v48_5	v48_3
v48_5	v48_6
v48_5	v48_7
v48_5	v48_4
v48_3	v48_5
v48_3	v48_3
v48_3	v48_6
v48_3	v48_7
v48_3	v48_4
v48_6	v48_5
v48_6	v48_3
v48_6	v48_6
v48_6	v48_7
v48_6	v48_4
v48_7	v48_5
v48_7	v48_3
v48_7	v48_6
v48_7	v48_7
v48_7	v48_4
v48_4	v48_5
v48_4	v48_3
v48_4	v48_6
v48_4	v48_7
v48_4	v48_4
v49_5	v49_5
v49_5	v49_3
v49_5	v49_6
v49_5	v49_7
v49_5	v49_4
v49_3	v49_5
v49_3	v49_3
v49_3	v49_6
v49_3	v49_7
v49_3	v49_4
v49_6	v49_5
v49_6	v49_3
v49_6	v49_6
v49_6	v49_7
v49_6	v49_4
v49_7	v49_5
v49_7	v49_3
v49_7	v49_6
v49_7	v49_7
v49_7	v49_4
v49_4	v49_5
v49_4	v49_3
v49_4	v49_6
v49_4	v49_7
v49_4	v49_4
v50_5	v50_5
v50_5	v50_3
v50_5	v50_6
v50_5	v50_7
v50_5	v50_4
v50_3	v50_5
v50_3	v50_3
v50_3	v50_6
v50_3	v50_7
v50_3	v50_4
v50_6	v50_5
v50_6	v50_3
v50_6	v50_6
v50_6	v50_7
v50_6	v50_4
v50_7	v50_5
v50_7	v50_3
v50_7	v50_6
v50_7	v50_7
v50_7	v50_4
v50_4	v50_5
v50_4	v50_3
v50_4	v50_6
v50_4	v50_7
v50_4	v50_4
v51_5	v51_5
v51_5	v51_3
v51_5	v51_6
v51_5	v51_7
v51_5	v51_4
v51_3	v51_5
v51_3	v51_3
v51_3	v51_6
v51_3	v51_7
v51_3	v51_4
v51_6	v51_5
v51_6	v51_3
v51_6	v51_6
v51_6	v51_7
v51_6	v51_4
v51_7	v51_5
v51_7	v51_3
v51_7	v51_6
v51_7	v51_7
v51_7	v51_4
v51_4	v51_5
v51_4	v51_3
v51_4	v51_6
v51_4	v51_7
v51_4	v51_4
v52_5	v52_5
v52_5	v52_3
v52_5	v52_6
v52_5	v52_7
v52_5	v52_4
v52_3	v52_5
v52_3	v52_3
v52_3	v52_6
v52_3	v52_7
v52_3	v52_4
v52_6	v52_5
v52_6	v52_3
v52_6	v52_6
v52_6	v52_7
v52_6	v52_4
v52_7	v52_5
v52_7	v52_3
v52_7	v52_6
v52_7	v52_7
v52_7	v52_4
v52_4	v52_5
v52_4	v52_3
v52_4	v52_6
v52_4	v52_7
v52_4	v52_4
v53_5	v53_5
v53_5	v53_3
v53_5	v53_6
v53_5	v53_7
v53_5	v53_4
v53_3	v53_5
v53_3	v53_3
v53_3	v53_6
v53_3	v53_7
v53_3	v53_4
v53_6	v53_5
v53_6	v53_3
v53_6	v53_6
v53_6	v53_7
v53_6	v53_4
v53_7	v53_5
v53_7	v53_3
v53_7	v53_6
v53_7	v53_7
v53_7	v53_4
v53_4	v53_5
v53_4	v53_3
v53_4	v53_6
v53_4	v53_7
v53_4	v53_4
v54_5	v54_5
v54_5	v54_3
v54_5	v54_6
v54_5	v54_7
v54_5	v54_4
v54_3	v54_5
v54_3	v54_3
v54_3	v54_6
v54_3	v54_7
v54_3	v54_4
v54_6	v54_5
v54_6	v54_3
v54_6	v54_6
v54_6	v54_7
v54_6	v54_4
v54_7	v54_5
v54_7	v54_3
v54_7	v54_6
v54_7	v54_7
v54_7	v54_4
v54_4	v54_5
v54_4	v54_3
v54_4	v54_6
v54_4	v54_7
v54_4	v54_4
v55_5	v55_5
v55_5	v55_3
v55_5	v55_6
v55_5	v55_7
v55_5	v55_4
v55_3	v55_5
v55_3	v55_3
v55_3	v55_6
v55_3	v55_7
v55_3	v55_4
v55_6	v55_5
v55_6	v55_3
v55_6	v55_6
v55_6	v55_7
v55_6	v55_4
v55_7	v55_5
v55_7	v55_3
v55_7	v55_6
v55_7	v55_7
v55_7	v55_4
v55_4	v55_5
v55_4	v55_3
v55_4	v55_6
v55_4	v55_7
v55_4	v55_4
v56_5	v56_5
v56_5	v56_3
v56_5	v56_6
v56_5	v56_7
v56_5	v56_4
v56_3	v56_5
v56_3	v56_3
v56_3	v56_6
v56_3	v56_7
v56_3	v56_4
v56_6	v56_5
v56_6	v56_3
v56_6	v56_6
v56_6	v56_7
v56_6	v56_4
v56_7	v56_5
v56_7	v56_3
v56_7	v56_6
v56_7	v56_7
v56_7	v56_4
v56_4	v56_5
v56_4	v56_3
v56_4	v56_6
v56_4	v56_7
v56_4	v56_4
v57_5	v57_5
v57_5	v57_3
v57_5	v57_6
v57_5	v57_7
v57_5	v57_4
v57_3	v57_5
v57_3	v57_3
v57_3	v57_6
v57_3	v57_7
v57_3	v57_4
v57_6	v57_5
v57_6	v57_3
v57_6	v57_6
v57_6	v57_7
v57_6	v57_4
v57_7	v57_5
v57_7	v57_3
v57_7	v57_6
v57_7	v57_7
v57_7	v57_4
v57_4	v57_5
v57_4	v57_3
v57_4	v57_6
v57_4	v57_7
v57_4	v57_4
v58_5	v58_5
v58_5	v58_3
v58_5	v58_6
v58_5	v58_7
v58_5	v58_4
v58_3	v58_5
v58_3	v58_3
v58_3	v58_6
v58_3	v58_7
v58_3	v58_4
v58_6	v58_5
v58_6	v58_3
v58_6	v58_6
v58_6	v58_7
v58_6	v58_4
v58_7	v58_5
v58_7	v58_3
v58_7	v58_6
v58_7	v58_7
v58_7	v58_4
v58_4	v58_5
v58_4	v58_3
v58_4	v58_6
v58_4	v58_7
v58_4	v58_4
v59_5	v59_5
v59_5	v59_3
v59_5	v59_6
v59_5	v59_7
v59_5	v59_4
v59_3	v59_5
v59_3	v59_3
v59_3	v59_6
v59_3	v59_7
v59_3	v59_4
v59_6	v59_5
v59_6	v59_3
v59_6	v59_6
v59_6	v59_7
v59_6	v59_4
v59_7	v59_5
v59_7	v59_3
v59_7	v59_6
v59_7	v59_7
v59_7	v59_4
v59_4	v59_5
v59_4	v59_3
v59_4	v59_6
v59_4	v59_7
v59_4	v59_4
v60_5	v60_5
v60_5	v60_3
v60_5	v60_6
v60_5	v60_7
v60_5	v60_4
v60_3	v60_5
v60_3	v60_3
v60_3	v60_6
v60_3	v60_7
v60_3	v60_4
v60_6	v60_5
v60_6	v60_3
v60_6	v60_6
v60_6	v60_7
v60_6	v60_4
v60_7	v60_5
v60_7	v60_3
v60_7	v60_6
v60_7	v60_7
v60_7	v60_4
v60_4	v60_5
v60_4	v60_3
v60_4	v60_6
v60_4	v60_7
v60_4	v60_4
v61_5	v61_5
v61_5	v61_3
v61_5	v61_6
v61_5	v61_7
v61_5	v61_4
v61_3	v61_5
v61_3	v61_3
v61_3	v61_6
v61_3	v61_7
v61_3	v61_4
v61_6	v61_5
v61_6	v61_3
v61_6	v61_6
v61_6	v61_7
v61_6	v61_4
v61_7	v61_5
v61_7	v61_3
v61_7	v61_6
v61_7	v61_7
v61_7	v61_4
v61_4	v61_5
v61_4	v61_3
v61_4	v61_6
v61_4	v61_7
v61_4	v61_4
v62_5	v62_5
v62_5	v62_3
v62_5	v62_6
v62_5	v62_7
v62_5	v62_4
v62_3	v62_5
v62_3	v62_3
v62_3	v62_6
v62_3	v62_7
v62_3	v62_4
v62_6	v62_5
v62_6	v62_3
v62_6	v62_6
v62_6	v62_7
v62_6	v62_4
v62_7	v62_5
v62_7	v62_3
v62_7	v62_6
v62_7	v62_7
v62_7	v62_4
v62_4	v62_5
v62_4	v62_3
v62_4	v62_6
v62_4	v62_7
v62_4	v62_4
v63_5	v63_5
v63_5	v63_3
v63_5	v63_6
v63_5	v63_7
v63_5	v63_4
v63_3	v63_5
v63_3	v63_3
v63_3	v63_6
v63_3	v63_7
v63_3	v63_4
v63_6	v63_5
v63_6	v63_3
v63_6	v63_6
v63_6	v63_7
v63_6	v63_4
v63_7	v63_5
v63_7	v63_3
v63_7	v63_6
v63_7	v63_7
v63_7	v63_4
v63_4	v63_5
v63_4	v63_3
v63_4	v63_6
v63_4	v63_7
v63_4	v63_4
v64_5	v64_5
v64_5	v64_3
v64_5	v64_6
v64_5	v64_7
v64_5	v64_4
v64_3	v64_5
v64_3	v64_3
v64_3	v64_6
v64_3	v64_7
v64_3	v64_4
v64_6	v64_5
v64_6	v64_3
v64_6	v64_6
v64_6	v64_7
v64_6	v64_4
v64_7	v64_5
v64_7	v64_3
v64_7	v64_6
v64_7	v64_7
v64_7	v64_4
v64_4	v64_5
v64_4	v64_3
v64_4	v64_6
v64_4	v64_7
v64_4	v64_4
v65_5	v65_5
v65_5	v65_3
v65_5	v65_6
v65_5	v65_7
v65_5	v65_4
v65_3	v65_5
v65_3	v65_3
v65_3	v65_6
v65_3	v65_7
v65_3	v65_4
v65_6	v65_5
v65_6	v65_3
v65_6	v65_6
v65_6	v65_7
v65_6	v65_4
v65_7	v65_5
v65_7	v65_3
v65_7	v65_6
v65_7	v65_7
v65_7	v65_4
v65_4	v65_5
v65_4	v65_3
v65_4	v65_6
v65_4	v65_7
v65_4	v65_4
v66_5	v66_5
v66_5	v66_3
v66_5	v66_6
v66_5	v66_7
v66_5	v66_4
v66_3	v66_5
v66_3	v66_3
v66_3	v66_6
v66_3	v66_7
v66_3	v66_4
v66_6	v66_5
v66_6	v66_3
v66_6	v66_6
v66_6	v66_7
v66_6	v66_4
v66_7	v66_5
v66_7	v66_3
v66_7	v66_6
v66_7	v66_7
v66_7	v66_4
v66_4	v66_5
v66_4	v66_3
v66_4	v66_6
v66_4	v66_7
v66_4	v66_4
v67_5	v67_5
v67_5	v67_3
v67_5	v67_6
v67_5	v67_7
v67_5	v67_4
v67_3	v67_5
v67_3	v67_3
v67_3	v67_6
v67_3	v67_7
v67_3	v67_4
v67_6	v67_5
v67_6	v67_3
v67_6	v67_6
v67_6	v67_7
v67_6	v67_4
v67_7	v67_5
v67_7	v67_3
v67_7	v67_6
v67_7	v67_7
v67_7	v67_4
v67_4	v67_5
v67_4	v67_3
v67_4	v67_6
v67_4	v67_7
v67_4	v67_4
v68_5	v68_5
v68_5	v68_3
v68_5	v68_6
v68_5	v68_7
v68_5	v68_4
v68_3	v68_5
v68_3	v68_3
v68_3	v68_6
v68_3	v68_7
v68_3	v68_4
v68_6	v68_5
v68_6	v68_3
v68_6	v68_6
v68_6	v68_7
v68_6	v68_4
v68_7	v68_5
v68_7	v68_3
v68_7	v68_6
v68_7	v68_7
v68_7	v68_4
v68_4	v68_5
v68_4	v68_3
v68_4	v68_6
v68_4	v68_7
v68_4	v68_4
v69_5	v69_5
v69_5	v69_3
v69_5	v69_6
v69_5	v69_7
v69_5	v69_4
v69_3	v69_5
v69_3	v69_3
v69_3	v69_6
v69_3	v69_7
v69_3	v69_4
v69_6	v69_5
v69_6	v69_3
v69_6	v69_6
v69_6	v69_7
v69_6	v69_4
v69_7	v69_5
v69_7	v69_3
v69_7	v69_6
v69_7	v69_7
v69_7	v69_4
v69_4	v69_5
v69_4	v69_3
v69_4	v69_6
v69_4	v69_7
v69_4	v69_4
v70_5	v70_5
v70_5	v70_3
v70_5	v70_6
v70_5	v70_7
v70_5	v70_4
v70_3	v70_5
v70_3	v70_3
v70_3	v70_6
v70_3	v70_7
v70_3	v70_4
v70_6	v70_5
v70_6	v70_3
v70_6	v70_6
v70_6	v70_7
v70_6	v70_4
v70_7	v70_5
v70_7	v70_3
v70_7	v70_6
v70_7	v70_7
v70_7	v70_4
v70_4	v70_5
v70_4	v70_3
v70_4	v70_6
v70_4	v70_7
v70_4	v70_4
v71_5	v71_5
v71_5	v71_3
v71_5	v71_6
v71_5	v71_7
v71_5	v71_4
v71_3	v71_5
v71_3	v71_3
v71_3	v71_6
v71_3	v71_7
v71_3	v71_4
v71_6	v71_5
v71_6	v71_3
v71_6	v71_6
v71_6	v71_7
v71_6	v71_4
v71_7	v71_5
v71_7	v71_3
v71_7	v71_6
v71_7	v71_7
v71_7	v71_4
v71_4	v71_5
v71_4	v71_3
v71_4	v71_6
v71_4	v71_7
v71_4	v71_4
v72_5	v72_5
v72_5	v72_3
v72_5	v72_6
v72_5	v72_7
v72_5	v72_4
v72_3	v72_5
v72_3	v72_3
v72_3	v72_6
v72_3	v72_7
v72_3	v72_4
v72_6	v72_5
v72_6	v72_3
v72_6	v72_6
v72_6	v72_7
v72_6	v72_4
v72_7	v72_5
v72_7	v72_3
v72_7	v72_6
v72_7	v72_7
v72_7	v72_4
v72_4	v72_5
v72_4	v72_3
v72_4	v72_6
v72_4	v72_7
v72_4	v72_4
v73_5	v73_5
v73_5	v73_3
v73_5	v73_6
v73_5	v73_7
v73_5	v73_4
v73_3	v73_5
v73_3	v73_3
v73_3	v73_6
v73_3	v73_7
v73_3	v73_4
v73_6	v73_5
v73_6	v73_3
v73_6	v73_6
v73_6	v73_7
v73_6	v73_4
v73_7	v73_5
v73_7	v73_3
v73_7	v73_6
v73_7	v73_7
v73_7	v73_4
v73_4	v73_5
v73_4	v73_3
v73_4	v73_6
v73_4	v73_7
v73_4	v73_4
v74_5	v74_5
v74_5	v74_3
v74_5	v74_6
v74_5	v74_7
v74_5	v74_4
v74_3	v74_5
v74_3	v74_3
v74_3	v74_6
v74_3	v74_7
v74_3	v74_4
v74_6	v74_5
v74_6	v74_3
v74_6	v74_6
v74_6	v74_7
v74_6	v74_4
v74_7	v74_5
v74_7	v74_3
v74_7	v74_6
v74_7	v74_7
v74_7	v74_4
v74_4	v74_5
v74_4	v74_3
v74_4	v74_6
v74_4	v74_7
v74_4	v74_4
v75_5	v75_5
v75_5	v75_3
v75_5	v75_6
v75_5	v75_7
v75_5	v75_4
v75_3	v75_5
v75_3	v75_3
v75_3	v75_6
v75_3	v75_7
v75_3	v75_4
v75_6	v75_5
v75_6	v75_3
v75_6	v75_6
v75_6	v75_7
v75_6	v75_4
v75_7	v75_5
v75_7	v75_3
v75_7	v75_6
v75_7	v75_7
v75_7	v75_4
v75_4	v75_5
v75_4	v75_3
v75_4	v75_6
v75_4	v75_7
v75_4	v75_4
v76_5	v76_5
v76_5	v76_3
v76_5	v76_6
v76_5	v76_7
v76_5	v76_4
v76_3	v76_5
v76_3	v76_3
v76_3	v76_6
v76_3	v76_7
v76_3	v76_4
v76_6	v76_5
v76_6	v76_3
v76_6	v76_6
v76_6	v76_7
v76_6	v76_4
v76_7	v76_5
v76_7	v76_3
v76_7	v76_6
v76_7	v76_7
v76_7	v76_4
v76_4	v76_5
v76_4	v76_3
v76_4	v76_6
v76_4	v76_7
v76_4	v76_4
v77_5	v77_5
v77_5	v77_3
v77_5	v77_6
v77_5	v77_7
v77_5	v77_4
v77_3	v77_5
v77_3	v77_3
v77_3	v77_6
v77_3	v77_7
v77_3	v77_4
v77_6	v77_5
v77_6	v77_3
v77_6	v77_6
v77_6	v77_7
v77_6	v77_4
v77_7	v77_5
v77_7	v77_3
v77_7	v77_6
v77_7	v77_7
v77_7	v77_4
v77_4	v77_5
v77_4	v77_3
v77_4	v77_6
v77_4	v77_7
v77_4	v77_4
v78_5	v78_5
v78_5	v78_3
v78_5	v78_6
v78_5	v78_7
v78_5	v78_4
v78_3	v78_5
v78_3	v78_3
v78_3	v78_6
v78_3	v78_7
v78_3	v78_4
v78_6	v78_5
v78_6	v78_3
v78_6	v78_6
v78_6	v78_7
v78_6	v78_4
v78_7	v78_5
v78_7	v78_3
v78_7	v78_6
v78_7	v78_7
v78_7	v78_4
v78_4	v78_5
v78_4	v78_3
v78_4	v78_6
v78_4	v78_7
v78_4	v78_4
v79_5	v79_5
v79_5	v79_3
v79_5	v79_6
v79_5	v79_7
v79_5	v79_4
v79_3	v79_5
v79_3	v79_3
v79_3	v79_6
v79_3	v79_7
v79_3	v79_4
v79_6	v79_5
v79_6	v79_3
v79_6	v79_6
v79_6	v79_7
v79_6	v79_4
v79_7	v79_5
v79_7	v79_3
v79_7	v79_6
v79_7	v79_7
v79_7	v79_4
v79_4	v79_5
v79_4	v79_3
v79_4	v79_6
v79_4	v79_7
v79_4	v79_4
v80_5	v80_5
v80_5	v80_3
v80_5	v80_6
v80_5	v80_7
v80_5	v80_4
v80_3	v80_5
v80_3	v80_3
v80_3	v80_6
v80_3	v80_7
v80_3	v80_4
v80_6	v80_5
v80_6	v80_3
v80_6	v80_6
v80_6	v80_7
v80_6	v80_4
v80_7	v80_5
v80_7	v80_3
v80_7	v80_6
v80_7	v80_7
v80_7	v80_4
v80_4	v80_5
v80_4	v80_3
v80_4	v80_6
v80_4	v80_7
v80_4	v80_4
v81_5	v81_5
v81_5	v81_3
v81_5	v81_6
v81_5	v81_7
v81_5	v81_4
v81_3	v81_5
v81_3	v81_3
v81_3	v81_6
v81_3	v81_7
v81_3	v81_4
v81_6	v81_5
v81_6	v81_3
v81_6	v81_6
v81_6	v81_7
v81_6	v81_4
v81_7	v81_5
v81_7	v81_3
v81_7	v81_6
v81_7	v81_7
v81_7	v81_4
v81_4	v81_5
v81_4	v81_3
v81_4	v81_6
v81_4	v81_7
v81_4	v81_4
v82_5	v82_5
v82_5	v82_3
v82_5	v82_6
v82_5	v82_7
v82_5	v82_4
v82_3	v82_5
v82_3	v82_3
v82_3	v82_6
v82_3	v82_7
v82_3	v82_4
v82_6	v82_5
v82_6	v82_3
v82_6	v82_6
v82_6	v82_7
v82_6	v82_4
v82_7	v82_5
v82_7	v82_3
v82_7	v82_6
v82_7	v82_7
v82_7	v82_4
v82_4	v82_5
v82_4	v82_3
v82_4	v82_6
v82_4	v82_7
v82_4	v82_4
v83_5	v83_5
v83_5	v83_3
v83_5	v83_6
v83_5	v83_7
v83_5	v83_4
v83_3	v83_5
v83_3	v83_3
v83_3	v83_6
v83_3	v83_7
v83_3	v83_4
v83_6	v83_5
v83_6	v83_3
v83_6	v83_6
v83_6	v83_7
v83_6	v83_4
v83_7	v83_5
v83_7	v83_3
v83_7	v83_6
v83_7	v83_7
v83_7	v83_4
v83_4	v83_5
v83_4	v83_3
v83_4	v83_6
v83_4	v83_7
v83_4	v83_4
v84_5	v84_5
v84_5	v84_3
v84_5	v84_6
v84_5	v84_7
v84_5	v84_4
v84_3	v84_5
v84_3	v84_3
v84_3	v84_6
v84_3	v84_7
v84_3	v84_4
v84_6	v84_5
v84_6	v84_3
v84_6	v84_6
v84_6	v84_7
v84_6	v84_4
v84_7	v84_5
v84_7	v84_3
v84_7	v84_6
v84_7	v84_7
v84_7	v84_4
v84_4	v84_5
v84_4	v84_3
v84_4	v84_6
v84_4	v84_7
v84_4	v84_4
v85_5	v85_5
v85_5	v85_3
v85_5	v85_6
v85_5	v85_7
v85_5	v85_4
v85_3	v85_5
v85_3	v85_3
v85_3	v85_6
v85_3	v85_7
v85_3	v85_4
v85_6	v85_5
v85_6	v85_3
v85_6	v85_6
v85_6	v85_7
v85_6	v85_4
v85_7	v85_5
v85_7	v85_3
v85_7	v85_6
v85_7	v85_7
v85_7	v85_4
v85_4	v85_5
v85_4	v85_3
v85_4	v85_6
v85_4	v85_7
v85_4	v85_4
v86_5	v86_5
v86_5	v86_3
v86_5	v86_6
v86_5	v86_7
v86_5	v86_4
v86_3	v86_5
v86_3	v86_3
v86_3	v86_6
v86_3	v86_7
v86_3	v86_4
v86_6	v86_5
v86_6	v86_3
v86_6	v86_6
v86_6	v86_7
v86_6	v86_4
v86_7	v86_5
v86_7	v86_3
v86_7	v86_6
v86_7	v86_7
v86_7	v86_4
v86_4	v86_5
v86_4	v86_3
v86_4	v86_6
v86_4	v86_7
v86_4	v86_4
v87_5	v87_5
v87_5	v87_3
v87_5	v87_6
v87_5	v87_7
v87_5	v87_4
v87_3	v87_5
v87_3	v87_3
v87_3	v87_6
v87_3	v87_7
v87_3	v87_4
v87_6	v87_5
v87_6	v87_3
v87_6	v87_6
v87_6	v87_7
v87_6	v87_4
v87_7	v87_5
v87_7	v87_3
v87_7	v87_6
v87_7	v87_7
v87_7	v87_4
v87_4	v87_5
v87_4	v87_3
v87_4	v87_6
v87_4	v87_7
v87_4	v87_4
v88_5	v88_5
v88_5	v88_3
v88_5	v88_6
v88_5	v88_7
v88_5	v88_4
v88_3	v88_5
v88_3	v88_3
v88_3	v88_6
v88_3	v88_7
v88_3	v88_4
v88_6	v88_5
v88_6	v88_3
v88_6	v88_6
v88_6	v88_7
v88_6	v88_4
v88_7	v88_5
v88_7	v88_3
v88_7	v88_6
v88_7	v88_7
v88_7	v88_4
v88_4	v88_5
v88_4	v88_3
v88_4	v88_6
v88_4	v88_7
v88_4	v88_4
v89_5	v89_5
v89_5	v89_3
v89_5	v89_6
v89_5	v89_7
v89_5	v89_4
v89_3	v89_5
v89_3	v89_3
v89_3	v89_6
v89_3	v89_7
v89_3	v89_4
v89_6	v89_5
v89_6	v89_3
v89_6	v89_6
v89_6	v89_7
v89_6	v89_4
v89_7	v89_5
v89_7	v89_3
v89_7	v89_6
v89_7	v89_7
v89_7	v89_4
v89_4	v89_5
v89_4	v89_3
v89_4	v89_6
v89_4	v89_7
v89_4	v89_4
v90_5	v90_5
v90_5	v90_3
v90_5	v90_6
v90_5	v90_7
v90_5	v90_4
v90_3	v90_5
v90_3	v90_3
v90_3	v90_6
v90_3	v90_7
v90_3	v90_4
v90_6	v90_5
v90_6	v90_3
v90_6	v90_6
v90_6	v90_7
v90_6	v90_4
v90_7	v90_5
v90_7	v90_3
v90_7	v90_6
v90_7	v90_7
v90_7	v90_4
v90_4	v90_5
v90_4	v90_3
v90_4	v90_6
v90_4	v90_7
v90_4	v90_4
v91_5	v91_5
v91_5	v91_3
v91_5	v91_6
v91_5	v91_7
v91_5	v91_4
v91_3	v91_5
v91_3	v91_3
v91_3	v91_6
v91_3	v91_7
v91_3	v91_4
v91_6	v91_5
v91_6	v91_3
v91_6	v91_6
v91_6	v91_7
v91_6	v91_4
v91_7	v91_5
v91_7	v91_3
v91_7	v91_6
v91_7	v91_7
v91_7	v91_4
v91_4	v91_5
v91_4	v91_3
v91_4	v91_6
v91_4	v91_7
v91_4	v91_4
v92_5	v92_5
v92_5	v92_3
v92_5	v92_6
v92_5	v92_7
v92_5	v92_4
v92_3	v92_5
v92_3	v92_3
v92_3	v92_6
v92_3	v92_7
v92_3	v92_4
v92_6	v92_5
v92_6	v92_3
v92_6	v92_6
v92_6	v92_7
v92_6	v92_4
v92_7	v92_5
v92_7	v92_3
v92_7	v92_6
v92_7	v92_7
v92_7	v92_4
v92_4	v92_5
v92_4	v92_3
v92_4	v92_6
v92_4	v92_7
v92_4	v92_4
v93_5	v93_5
v93_5	v93_3
v93_5	v93_6
v93_5	v93_7
v93_5	v93_4
v93_3	v93_5
v93_3	v93_3
v93_3	v93_6
v93_3	v93_7
v93_3	v93_4
v93_6	v93_5
v93_6	v93_3
v93_6	v93_6
v93_6	v93_7
v93_6	v93_4
v93_7	v93_5
v93_7	v93_3
v93_7	v93_6
v93_7	v93_7
v93_7	v93_4
v93_4	v93_5
v93_4	v93_3
v93_4	v93_6
v93_4	v93_7
v93_4	v93_4
v94_5	v94_5
v94_5	v94_3
v94_5	v94_6
v94_5	v94_7
v94_5	v94_4
v94_3	v94_5
v94_3	v94_3
v94_3	v94_6
v94_3	v94_7
v94_3	v94_4
v94_6	v94_5
v94_6	v94_3
v94_6	v94_6
v94_6	v94_7
v94_6	v94_4
v94_7	v94_5
v94_7	v94_3
v94_7	v94_6
v94_7	v94_7
v94_7	v94_4
v94_4	v94_5
v94_4	v94_3
v94_4	v94_6
v94_4	v94_7
v94_4	v94_4
v95_5	v95_5
v95_5	v95_3
v95_5	v95_6
v95_5	v95_7
v95_5	v95_4
v95_3	v95_5
v95_3	v95_3
v95_3	v95_6
v95_3	v95_7
v95_3	v95_4
v95_6	v95_5
v95_6	v95_3
v95_6	v95_6
v95_6	v95_7
v95_6	v95_4
v95_7	v95_5
v95_7	v95_3
v95_7	v95_6
v95_7	v95_7
v95_7	v95_4
v95_4	v95_5
v95_4	v95_3
v95_4	v95_6
v95_4	v95_7
v95_4	v95_4
v96_5	v96_5
v96_5	v96_3
v96_5	v96_6
v96_5	v96_7
v96_5	v96_4
v96_3	v96_5
v96_3	v96_3
v96_3	v96_6
v96_3	v96_7
v96_3	v96_4
v96_6	v96_5
v96_6	v96_3
v96_6	v96_6
v96_6	v96_7
v96_6	v96_4
v96_7	v96_5
v96_7	v96_3
v96_7	v96_6
v96_7	v96_7
v96_7	v96_4
v96_4	v96_5
v96_4	v96_3
v96_4	v96_6
v96_4	v96_7
v96_4	v96_4
v97_5	v97_5
v97_5	v97_3
v97_5	v97_6
v97_5	v97_7
v97_5	v97_4
v97_3	v97_5
v97_3	v97_3
v97_3	v97_6
v97_3	v97_7
v97_3	v97_4
v97_6	v97_5
v97_6	v97_3
v97_6	v97_6
v97_6	v97_7
v97_6	v97_4
v97_7	v97_5
v97_7	v97_3
v97_7	v97_6
v97_7	v97_7
v97_7	v97_4
v97_4	v97_5
v97_4	v97_3
v97_4	v97_6
v97_4	v97_7
v97_4	v97_4
v98_5	v98_5
v98_5	v98_3
v98_5	v98_6
v98_5	v98_7
v98_5	v98_4
v98_3	v98_5
v98_3	v98_3
v98_3	v98_6
v98_3	v98_7
v98_3	v98_4
v98_6	v98_5
v98_6	v98_3
v98_6	v98_6
v98_6	v98_7
v98_6	v98_4
v98_7	v98_5
v98_7	v98_3
v98_7	v98_6
v98_7	v98_7
v98_7	v98_4
v98_4	v98_5
v98_4	v98_3
v98_4	v98_6
v98_4	v98_7
v98_4	v98_4
v99_5	v99_5
v99_5	v99_3
v99_5	v99_6
v99_5	v99_7
v99_5	v99_4
v99_3	v99_5
v99_3	v99_3
v99_3	v99_6
v99_3	v99_7
v99_3	v99_4
v99_6	v99_5
v99_6	v99_3
v99_6	v99_6
v99_6	v99_7
v99_6	v99_4
v99_7	v99_5
v99_7	v99_3
v99_7	v99_6
v99_7	v99_7
v99_7	v99_4
v99_4	v99_5
v99_4	v99_3
v99_4	v99_6
v99_4	v99_7
v99_4	v99_4
