1	10	03/04/2009	john	199
2	11	03/04/2009	juliet	244
5	12	03/04/2009	borat	555
8	13	01/01/2009	borat	700