1	Chuck	New York, Seattle, Vancouver
2	Larry	Los Angeles, Houston