ABC Corp	1	34
ABC Corp	2	5
Widget Company	1	10
Widget Company	2	2