claudette	ann
jeannette	bill
mireille	john
john	ann
john	bill
jean-jacques	alphonse
alphonse	mireille
brad	john
mireille	ann
mireille	bill
jean-jacques	mireille
alphonse	john
brad	ann
brad	bill
jean-jacques	john
alphonse	ann
alphonse	bill
jean-jacques	ann
jean-jacques	bill
