129
145
68
114
95
142
133
118
7
116
18
77
41
50
143
15
46
13
99
104
54
4
119
78
35
1
70
27
42
19
91
28
93
112
152
81
94
144
63
153
52
83
86
45
8
150
92
149
101
37
128
134
56
79
9
6
0
69
141
3
110
23
120
62
58
10
44
87
130
100
30
89
123
151
5
21
14
84
65
127
20
139
72
49
125
73
29
22
85
140
96
12
76
34
132
80
124
57
31
60
59
55
66
40
38
126
61
103
88
108
97
138
136
148
75
32
137
122
39
36
131
74
135
16
64
2
71
90
155
17
115
121
154
43
107
26
146
111
106
11
147
33
102
109
53
82
51
105
25
48
113
24
47
98
67
117
