STL-7442-1	7	prefabulated amulite
MPT-9931-8A	32	spurving bearing
KSG-0619-81	5	pentametric fan