v0_5	v0_5
v0_5	v0_3
v0_5	v0_6
v0_5	v0_7
v0_5	v0_4
v0_3	v0_5
v0_3	v0_3
v0_3	v0_6
v0_3	v0_7
v0_3	v0_4
v0_6	v0_5
v0_6	v0_3
v0_6	v0_6
v0_6	v0_7
v0_6	v0_4
v0_7	v0_5
v0_7	v0_3
v0_7	v0_6
v0_7	v0_7
v0_7	v0_4
v0_4	v0_5
v0_4	v0_3
v0_4	v0_6
v0_4	v0_7
v0_4	v0_4
