1267895
8004111
2085117
8457418
5897097
512354
8821271
7983408
1700286
1809102
1146711
8419565
5282290
8877931
2311965
5217506
1242591
4172431
2660031
921011
9323793
2583249
9536288
1473389
8596762
6492539
275706
9298251
8909734
9752818
9103852
9542428
3865291
3789353
8574751
5860794
1036569
5270429
8581693
6418129
9656557
5461615
3897432
8424772
5335693
2354497
2300099
4756709
5268371
1753056
4071836
8834957
2735850
6989005
9701941
7515025
9153765
425854
6691079
6775388
7697919
625421
509422
6803095
3735825
7505483
9952664
861754
2129111
2005782
3032913
890796
6860881
6329506
1983048
2929023
1699529
2484582
4407055
9912
8222819
6346444
3305912
7358781
6306437
6263080
8936235
4824714
7852250
3415277
