258
254
185
245
226
234
162
227
166
259
211
253
221
219
189
210
241
278
218
242
261
181
249
268
225
267
156
230
224
205
170
232
196
160
251
157
250
174
248
163
176
274
191
229
208
201
168
273
200
222
246
255
207
187
276
279
158
214
280
266
272
194
263
216
199
213
202
193
264
236
231
277
257
244
186
198
203
173
197
167
252
182
235
281
206
183
179
265
247
256
260
269
275
195
262
164
270
169
159
238
223
177
243
171
161
188
215
180
192
172
240
190
175
184
217
212
220
165
178
239
237
233
228
209
204
271
