v2_0	v1_0
v3_0	v1_0
v4_0	v1_0
v6_0	v7_0
v5_0	v7_0
v7_0	v1_0
v8_0	v1_0
v9_0	v10_0
v11_0	v12_0
v12_0	v16_0
v15_0	v16_0
v11_0	v13_0
v14_0	v13_0
v14_0	v10_0
v2_1	v1_1
v3_1	v1_1
v4_1	v1_1
v6_1	v7_1
v5_1	v7_1
v7_1	v1_1
v8_1	v1_1
v9_1	v10_1
v11_1	v12_1
v12_1	v16_1
v15_1	v16_1
v11_1	v13_1
v14_1	v13_1
v14_1	v10_1
v2_2	v1_2
v3_2	v1_2
v4_2	v1_2
v6_2	v7_2
v5_2	v7_2
v7_2	v1_2
v8_2	v1_2
v9_2	v10_2
v11_2	v12_2
v12_2	v16_2
v15_2	v16_2
v11_2	v13_2
v14_2	v13_2
v14_2	v10_2
v2_3	v1_3
v3_3	v1_3
v4_3	v1_3
v6_3	v7_3
v5_3	v7_3
v7_3	v1_3
v8_3	v1_3
v9_3	v10_3
v11_3	v12_3
v12_3	v16_3
v15_3	v16_3
v11_3	v13_3
v14_3	v13_3
v14_3	v10_3
v2_4	v1_4
v3_4	v1_4
v4_4	v1_4
v6_4	v7_4
v5_4	v7_4
v7_4	v1_4
v8_4	v1_4
v9_4	v10_4
v11_4	v12_4
v12_4	v16_4
v15_4	v16_4
v11_4	v13_4
v14_4	v13_4
v14_4	v10_4
v2_5	v1_5
v3_5	v1_5
v4_5	v1_5
v6_5	v7_5
v5_5	v7_5
v7_5	v1_5
v8_5	v1_5
v9_5	v10_5
v11_5	v12_5
v12_5	v16_5
v15_5	v16_5
v11_5	v13_5
v14_5	v13_5
v14_5	v10_5
v2_6	v1_6
v3_6	v1_6
v4_6	v1_6
v6_6	v7_6
v5_6	v7_6
v7_6	v1_6
v8_6	v1_6
v9_6	v10_6
v11_6	v12_6
v12_6	v16_6
v15_6	v16_6
v11_6	v13_6
v14_6	v13_6
v14_6	v10_6
v2_7	v1_7
v3_7	v1_7
v4_7	v1_7
v6_7	v7_7
v5_7	v7_7
v7_7	v1_7
v8_7	v1_7
v9_7	v10_7
v11_7	v12_7
v12_7	v16_7
v15_7	v16_7
v11_7	v13_7
v14_7	v13_7
v14_7	v10_7
