481
449
464
551
502
526
550
441
512
456
486
484
525
530
434
531
436
522
519
545
503
467
480
472
492
431
504
524
507
542
466
493
433
521
540
547
448
478
554
544
514
535
529
537
517
430
506
518
450
527
495
552
460
513
468
469
482
435
520
505
454
528
511
483
488
440
444
498
497
443
523
490
445
446
539
437
462
447
555
457
499
455
451
556
532
474
501
543
470
465
533
494
541
475
546
557
491
438
553
534
515
536
432
509
463
496
500
549
477
510
479
442
452
508
538
489
548
453
461
458
476
459
473
487
439
516
485
471
