6803059
1522714
2328356
3067415
5099604
8692901
3935502
389096
8463396
4146961
